// Jest Snapshot v1, https://goo.gl/fbAQLP

exports[`<Message /> should render correctly 1`] = `
<div>
  <div>
    <h1
      class="text-primary font-bold font-size-lg"
    >
      simple test message
    </h1>
  </div>
</div>
`;
