// Jest Snapshot v1, https://goo.gl/fbAQLP

exports[`<List />:: Spec should render correctly 1`] = `
<div>
  <div
    class="row gap-2 justify-center"
  />
</div>
`;
