// Jest Snapshot v1, https://goo.gl/fbAQLP

exports[`<Chat> :: Spec should render correctly 1`] = `
<div>
  <span>
    In progress chat
  </span>
</div>
`;
