// Jest Snapshot v1, https://goo.gl/fbAQLP

exports[`<Container /> should render correctly 1`] = `
<div>
  <div
    class="container"
    id="main-container"
  >
    <span>
      Children
    </span>
  </div>
</div>
`;
