// Jest Snapshot v1, https://goo.gl/fbAQLP

exports[`<Dashboard /> Should render Dashboard 1`] = `
<div>
  <div>
    Dashboard
  </div>
</div>
`;
