// Jest Snapshot v1, https://goo.gl/fbAQLP

exports[`<PrivateRoute /> Should render outlet 1`] = `<div />`;
